squash4: xzio gzio lzopio fshelp
search_fs_uuid:
legacycfg: linux gcry_md5 crypto password normal
date: datetime normal
bfs:
uhci: pci usb
multiboot2: boot video net acpi relocator mmap lsapm vbe
gcry_twofish: crypto
cpio_be: archelp
cmostest:
priority_queue:
gcry_rijndael: crypto
freedos: boot video relocator chain
echo: extcmd
cpio: archelp
xzio: crypto
part_sun:
hfspluscomp: gzio hfsplus
gcry_sha512: crypto
gcry_cast5: crypto
boot:
setjmp_test: setjmp functional_test
odc: archelp
ls: extcmd normal
gzio:
cbmemc: cbtable terminfo normal
video:
test_blockarg: extcmd normal
gfxterm: video font
cbtable:
gcry_tiger: crypto
gcry_serpent: crypto
aout:
macbless: disk
gcry_blowfish: crypto
trig:
plan9: boot video extcmd relocator
extcmd:
at_keyboard: boot keylayouts
videoinfo: video
testspeed: extcmd normal
pxe: boot net
minix:
keylayouts:
xnu_uuid: gcry_md5
usbtest: usb
usbms: usb scsi
reboot: relocator
morse:
help: extcmd normal
part_msdos:
http: net
gdb: backtrace serial
gcry_rsa: mpi verify
cbtime: cbtable
blocklist:
probe: extcmd
pbkdf2: crypto
gcry_rfc2268: crypto
ufs1_be:
nativedisk:
gcry_camellia: crypto
fat:
exfctest: functional_test
pci:
parttool: normal
lzopio: crypto
linux: boot video relocator mmap vbe normal
gcry_md4: crypto
zfsinfo: zfs
usb_keyboard: keylayouts usb
pxechain: boot video pxe relocator
gcry_md5: crypto
fshelp:
ehci: boot pci usb cs5536
bitmap_scale: bitmap
ata: scsi
datetime:
usbserial_common: usb serial
syslinuxcfg: extcmd normal
net: priority_queue boot datetime bufio
gcry_des: crypto
div_test: functional_test
time:
reiserfs: fshelp
dm_nv: diskfilter
datehook: datetime normal
mdraid09_be: diskfilter
efiemu: crypto acpi cpuid gcry_crc
backtrace:
ahci: boot pci ata
kernel:
video_cirrus: video pci video_fb
part_plan:
gcry_seed: crypto
minix_be:
crypto:
video_colors:
test:
terminal:
part_dvh:
lsacpi: extcmd acpi
jpeg: bufio bitmap
bsd: boot video aout extcmd gcry_md5 crypto cpuid elf relocator serial mmap vbe
memdisk:
gfxmenu: video gfxterm trig bitmap_scale video_colors bitmap normal font
cmp:
acpi: extcmd mmap
xfs: fshelp
elf:
cpuid: extcmd
affs: fshelp
usb: pci
videotest: video gfxmenu font
tr: extcmd
testload:
relocator: mmap
play:
gfxterm_menu: video_fb functional_test procfs normal font
cbfs: archelp
adler32: crypto
progress: normal
password: crypto normal
part_sunpc:
video_fb:
tftp: priority_queue net
sleep: extcmd normal
serial: extcmd terminfo
search_fs_file:
gcry_sha256: crypto
gcry_rmd160: crypto
exfat:
search: search_fs_uuid extcmd search_fs_file search_label
mdraid09: diskfilter
chain: boot video relocator
mpi: crypto
memrw: extcmd
cs5536: pci
password_pbkdf2: gcry_sha512 pbkdf2 crypto normal
mdraid1x: diskfilter
linux16: boot video relocator mmap
gcry_crc: crypto
configfile: normal
zfscrypt: gcry_rijndael extcmd pbkdf2 crypto zfs gcry_sha1
signature_test: functional_test procfs
raid5rec: diskfilter
pcidump: extcmd pci
gcry_arcfour: crypto
sendkey: boot extcmd
part_dfly:
minix2_be:
gettext:
pbkdf2_test: pbkdf2 gcry_sha1 functional_test
hello: extcmd
vga_text:
usbserial_pl2303: usbserial_common usb serial
hashsum: extcmd crypto normal
xnu_uuid_test: functional_test
regexp: extcmd normal
part_gpt:
ohci: boot pci usb cs5536
gptsync: disk
zfs: gzio
part_apple:
hdparm: extcmd
bufio:
btrfs: gzio lzopio
bitmap:
true:
terminfo: extcmd
romfs: fshelp
ntfscomp: ntfs
hfs:
gcry_dsa: mpi verify
cmdline_cat_test: video_fb functional_test procfs normal font
biosdisk:
ufs1:
offsetio:
ntldr: boot video relocator chain
legacy_password_test: legacycfg functional_test
setjmp:
ufs2:
nilfs2: fshelp
lsmmap:
gcry_sha1: crypto
cmosdump:
915resolution:
mmap: boot
tar: archelp
png: bufio bitmap
lspci: extcmd pci
hfsplus: fshelp
cbls: cbtable
tga: bufio bitmap
minix2:
setpci: extcmd pci
scsi:
pata: pci ata
minix3:
lvm: diskfilter
lsapm:
functional_test: video extcmd video_fb btrfs
eval: normal
iso9660: fshelp
crc64: crypto
vbe: video video_fb
udf: fshelp
search_label:
raid6rec: diskfilter
msdospart: parttool disk
mda_text:
archelp:
procfs:
minix3_be:
halt: extcmd acpi
xnu: boot video extcmd bitmap_scale efiemu relocator bitmap macho
read:
multiboot: boot video net relocator mmap lsapm vbe
keystatus: extcmd
cryptodisk: extcmd crypto procfs
truecrypt: boot gzio video relocator mmap
normal: boot extcmd crypto terminal gettext
geli: gcry_sha512 pbkdf2 crypto gcry_sha256 cryptodisk
spkmodem: terminfo
gcry_idea: crypto
video_bochs: video pci video_fb
verify: extcmd crypto mpi gcry_sha1
sfs: fshelp
part_amiga:
luks: pbkdf2 crypto cryptodisk
loopback: extcmd
jfs:
gfxterm_background: gfxterm video extcmd bitmap_scale video_colors bitmap
usbserial_usbdebug: usbserial_common usb serial
part_acorn:
newc: archelp
macho:
iorw: extcmd
hwmatch: pci normal
cat: extcmd
afs:
sleep_test: datetime functional_test
ldm: part_msdos part_gpt diskfilter
hexdump: extcmd
disk:
usbserial_ftdi: usbserial_common usb serial
minicmd:
loadenv: extcmd disk
gcry_whirlpool: crypto
drivemap: boot extcmd mmap
vga: video video_fb
part_bsd: part_msdos
font: video bufio
ext2: fshelp
diskfilter:
videotest_checksum: video_fb functional_test font
file: extcmd elf offsetio macho
ntfs: fshelp
all_video: vbe vga video_bochs video_cirrus
